Resolving dependencies...
Downloading packages...
  flutter_riverpod 2.6.1 (3.3.2 available)
  flutter_secure_storage 9.2.4 (10.3.1 available)
  flutter_secure_storage_linux 1.2.3 (3.0.1 available)
  flutter_secure_storage_macos 3.1.3 (4.0.0 available)
  flutter_secure_storage_platform_interface 1.1.2 (2.0.1 available)
  flutter_secure_storage_web 1.2.1 (2.1.1 available)
  flutter_secure_storage_windows 3.1.2 (4.2.2 available)
  google_fonts 6.3.3 (8.2.0 available)
  google_sign_in 6.3.0 (7.2.0 available)
  google_sign_in_android 6.2.1 (7.2.15 available)
  google_sign_in_ios 5.9.0 (6.3.0 available)
  google_sign_in_platform_interface 2.5.0 (3.1.0 available)
  google_sign_in_web 0.12.4+4 (1.1.3 available)
  hooks 2.0.2 (2.1.0 available)
  js 0.6.7 (0.7.2 available)
  matcher 0.12.19 (0.12.20 available)
  meta 1.18.0 (1.19.0 available)
  package_config 2.2.0 (3.0.0 available)
  record_use 0.6.0 (1.0.0 available)
  riverpod 2.6.1 (3.3.2 available)
  test_api 0.7.11 (0.7.13 available)
  vector_math 2.2.0 (2.4.0 available)
  win32 5.15.0 (6.3.0 available)
Got dependencies!
23 packages have newer versions incompatible with dependency constraints.
Try `flutter pub outdated` for more information.
Launching lib\main.dart on SM A315F in debug mode...
Running Gradle task 'assembleDebug'...                              6.2s
ΓêÜ Built build\app\outputs\flutter-apk\app-debug.apk
Installing build\app\outputs\flutter-apk\app-debug.apk...           9.9s
I/FlutterActivityAndFragmentDelegate(13634): If you are attempting to set --enable-dart-profiling via Intent extras to launch a Flutter component outside of using the Flutter CLI, note that support for setting engine flags on Android via Intent will soon be dropped; see https://github.com/flutter/flutter/issues/180686 for more information on this breaking change. To migrate, set --enable-dart-profiling or any other flags specified via Intent extras on the command line instead or see https://github.com/flutter/flutter/blob/main/docs/engine/Flutter-Android-Engine-Flags.md for alternative methods.
D/FlutterJNI(13634): Beginning load of flutter...
D/FlutterJNI(13634): flutter (null) was loaded normally!
I/flutter (13634): [IMPORTANT:flutter/shell/platform/android/android_context_vk_impeller.cc(62)] Using the Impeller rendering backend (Vulkan).
D/FlutterRenderer(13634): Width is zero. 0,0
I/DecorView(13634): [INFO] isPopOver=false, config=true
I/DecorView(13634): updateCaptionType >> DecorView@626c2fe[], isFloating=false, isApplication=true, hasWindowControllerCallback=true, hasWindowDecorCaption=false
D/DecorView(13634): setCaptionType = 0, this = DecorView@626c2fe[]
I/DecorView(13634): getCurrentDensityDpi: from real metrics. densityDpi=420 msg=resources_loaded
I/DecorView(13634): notifyKeepScreenOnChanged: keepScreenOn=false
I/ViewRootImpl@fa8110a[MainActivity](13634): setView = com.android.internal.policy.DecorView@626c2fe TM=true
Syncing files to device SM A315F...                                103ms

Flutter run key commands.
r Hot reload. 
R Hot restart.
h List all available interactive commands.
d Detach (terminate "flutter run" but leave application running).
c Clear the screen
q Quit (terminate the application on the device).

A Dart VM Service on SM A315F is available at: http://127.0.0.1:49918/sukQlF3V9Ks=/
The Flutter DevTools debugger and profiler on SM A315F is available at: http://127.0.0.1:49918/sukQlF3V9Ks=/devtools/?uri=ws://127.0.0.1:49918/sukQlF3V9Ks=/ws
I/Choreographer(13634): Skipped 173 frames!  The application may be doing too much work on its main thread.
I/ture.skillproo(13634): Compiler allocated 4498KB to compile void android.view.ViewRootImpl.performTraversals()
I/SurfaceView@9746567(13634): onWindowVisibilityChanged(0) true io.flutter.embedding.android.FlutterSurfaceView{9746567 V.E...... ......I. 0,0-0,0} of ViewRootImpl@fa8110a[MainActivity]
D/FlutterRenderer(13634): Width is zero. 0,0
I/BufferQueueConsumer(13634): [](id:354200000000,api:0,p:-1,c:13634) connect: controlledByApp=false
I/BLASTBufferQueue(13634): [ViewRootImpl@fa8110a[MainActivity]#0] constructor()
I/ViewRootImpl@fa8110a[MainActivity](13634): Relayout returned: old=(0,0,1080,2400) new=(0,0,1080,2400) req=(1080,2400)0 dur=17 res=0x7 s={true -5476376655157739520} ch=true fn=-1
I/BufferQueueProducer(13634): [ViewRootImpl@fa8110a[MainActivity]#0(BLAST Consumer)0](id:354200000000,api:1,p:13634,c:13634) connect: api=1 producerControlledByApp=true
D/OpenGLRenderer(13634): eglCreateWindowSurface
D/FlutterJNI(13634): Sending viewport metrics to the engine.
I/SurfaceView@9746567(13634): windowStopped(false) true io.flutter.embedding.android.FlutterSurfaceView{9746567 V.E...... ......ID 0,0-1080,2274} of ViewRootImpl@fa8110a[MainActivity]
I/ViewRootImpl@fa8110a[MainActivity](13634): [DP] dp(1) 1 android.view.ViewRootImpl.reportNextDraw:11420 android.view.ViewRootImpl.performTraversals:4193 android.view.ViewRootImpl.doTraversal:2919 
I/BufferQueueConsumer(13634): [](id:354200000001,api:0,p:-1,c:13634) connect: controlledByApp=false
I/BLASTBufferQueue(13634): [SurfaceView - com.flairfuture.skillproof/com.flairfuture.skillproof.MainActivity@9746567@0#1] constructor()
I/SurfaceView@9746567(13634): pST: sr = Rect(0, 0 - 1080, 2274) sw = 1080 sh = 2274
I/SurfaceView@9746567(13634): onSSPAndSRT: pl = 0 pt = 0 sx = 1.0 sy = 1.0
I/SurfaceView@9746567(13634): pST: mTmpTransaction.apply, mTmpTransaction = android.view.SurfaceControl$Transaction@893985e
I/SurfaceView@9746567(13634): updateSurface: mVisible = true mSurface.isValid() = true
I/SurfaceView@9746567(13634): updateSurface: mSurfaceCreated = false surfaceChanged = true visibleChanged = true
I/SurfaceView@9746567(13634): surfaceCreated 1 #8 io.flutter.embedding.android.FlutterSurfaceView{9746567 V.E...... ......ID 0,0-1080,2274}
I/BufferQueueProducer(13634): [SurfaceView - com.flairfuture.skillproof/com.flairfuture.skillproof.MainActivity@9746567@0#1(BLAST Consumer)1](id:354200000001,api:1,p:13634,c:13634) connect: api=1 producerControlledByApp=true
I/BufferQueueProducer(13634): [SurfaceView - com.flairfuture.skillproof/com.flairfuture.skillproof.MainActivity@9746567@0#1(BLAST Consumer)1](id:354200000001,api:1,p:13634,c:13634) disconnect: api 1
I/BufferQueueProducer(13634): [SurfaceView - com.flairfuture.skillproof/com.flairfuture.skillproof.MainActivity@9746567@0#1(BLAST Consumer)1](id:354200000001,api:1,p:13634,c:13634) connect: api=1 producerControlledByApp=true
E/ion     (13634): ioctl c0044901 failed with code -1: Invalid argument
D/hw-ProcessState(13634): Binder ioctl to enable oneway spam detection failed: Invalid argument
I/SurfaceView@9746567(13634): surfaceChanged (1080,2274) 1 #8 io.flutter.embedding.android.FlutterSurfaceView{9746567 V.E...... ......ID 0,0-1080,2274}
I/ViewRootImpl@fa8110a[MainActivity](13634): [DP] dp(2) 1 android.view.SurfaceView.updateSurface:1375 android.view.SurfaceView.lambda$new$1$SurfaceView:254 android.view.SurfaceView$$ExternalSyntheticLambda2.onPreDraw:2 
I/ViewRootImpl@fa8110a[MainActivity](13634): [DP] pdf(1) 1 android.view.SurfaceView.notifyDrawFinished:599 android.view.SurfaceView.performDrawFinished:586 android.view.SurfaceView.$r8$lambda$st27mCkd9jfJkTrN_P3qIGKX6NY:0 
D/ViewRootImpl@fa8110a[MainActivity](13634): pendingDrawFinished. Waiting on draw reported mDrawsNeededToReport=1
D/ViewRootImpl@fa8110a[MainActivity](13634): Creating frameDrawingCallback nextDrawUseBlastSync=false reportNextDraw=true hasBlurUpdates=false
D/ViewRootImpl@fa8110a[MainActivity](13634): Creating frameCompleteCallback
I/SurfaceView@9746567(13634): uSP: rtp = Rect(0, 0 - 1080, 2274) rtsw = 1080 rtsh = 2274
I/SurfaceView@9746567(13634): onSSPAndSRT: pl = 0 pt = 0 sx = 1.0 sy = 1.0
I/SurfaceView@9746567(13634): aOrMT: uB = true t = android.view.SurfaceControl$Transaction@750c0cf fN = 1 android.view.SurfaceView.access$500:124 android.view.SurfaceView$SurfaceViewPositionUpdateListener.positionChanged:1728 android.graphics.RenderNode$CompositePositionUpdateListener.positionChanged:319 
I/SurfaceView@9746567(13634): aOrMT: vR.mWNT, vR = ViewRootImpl@fa8110a[MainActivity]
I/ViewRootImpl@fa8110a[MainActivity](13634): mWNT: t = android.view.SurfaceControl$Transaction@750c0cf fN = 1 android.view.SurfaceView.applyOrMergeTransaction:1628 android.view.SurfaceView.access$500:124 android.view.SurfaceView$SurfaceViewPositionUpdateListener.positionChanged:1728 
I/ViewRootImpl@fa8110a[MainActivity](13634): mWNT: merge t to BBQ
D/ViewRootImpl@fa8110a[MainActivity](13634): Received frameDrawingCallback frameNum=1. Creating transactionCompleteCallback=false
D/ViewRootImpl@fa8110a[MainActivity](13634): Received frameCompleteCallback  lastAcquiredFrameNum=1 lastAttemptedDrawFrameNum=1
I/ViewRootImpl@fa8110a[MainActivity](13634): [DP] pdf(0) 1 android.view.ViewRootImpl.lambda$addFrameCompleteCallbackIfNeeded$3$ViewRootImpl:4995 android.view.ViewRootImpl$$ExternalSyntheticLambda16.run:6 android.os.Handler.handleCallback:938 
I/ViewRootImpl@fa8110a[MainActivity](13634): [DP] rdf()
D/ViewRootImpl@fa8110a[MainActivity](13634): reportDrawFinished (fn: -1) 
D/InsetsSourceConsumer(13634): ensureControlAlpha: for ITYPE_NAVIGATION_BAR on com.flairfuture.skillproof/com.flairfuture.skillproof.MainActivity
D/InsetsSourceConsumer(13634): ensureControlAlpha: for ITYPE_STATUS_BAR on com.flairfuture.skillproof/com.flairfuture.skillproof.MainActivity
D/FlutterJNI(13634): Sending viewport metrics to the engine.
I/ViewRootImpl@fa8110a[MainActivity](13634): handleAppVisibility mAppVisible=true visible=false
I/SurfaceView@9746567(13634): onWindowVisibilityChanged(8) false io.flutter.embedding.android.FlutterSurfaceView{9746567 V.E...... ........ 0,0-1080,2274} of ViewRootImpl@fa8110a[MainActivity]
I/SurfaceView@9746567(13634): pST: mTmpTransaction.apply, mTmpTransaction = android.view.SurfaceControl$Transaction@893985e
I/SurfaceView@9746567(13634): surfaceDestroyed callback.size 1 #2 io.flutter.embedding.android.FlutterSurfaceView{9746567 V.E...... ........ 0,0-1080,2274}
I/BufferQueueProducer(13634): [SurfaceView - com.flairfuture.skillproof/com.flairfuture.skillproof.MainActivity@9746567@0#1(BLAST Consumer)1](id:354200000001,api:1,p:13634,c:13634) disconnect: api 1
I/BufferQueueProducer(13634): [SurfaceView - com.flairfuture.skillproof/com.flairfuture.skillproof.MainActivity@9746567@0#1(BLAST Consumer)1](id:354200000001,api:0,p:-1,c:13634) disconnect: api -1
I/SurfaceView@9746567(13634): updateSurface: mVisible = false mSurface.isValid() = true
I/SurfaceView@9746567(13634): tryReleaseSurfaces: set mRtReleaseSurfaces = true
I/SurfaceView@9746567(13634): 256189367 wPL, frameNr = 0
I/SurfaceView@9746567(13634): remove() from RT android.view.SurfaceView$SurfaceViewPositionUpdateListener@f4523b7 Surface(name=SurfaceView - com.flairfuture.skillproof/com.flairfuture.skillproof.MainActivity@9746567@0)/@0x7dc2724
I/SurfaceView@9746567(13634): remove() io.flutter.embedding.android.FlutterSurfaceView{9746567 V.E...... ........ 0,0-1080,2274} Surface(name=SurfaceView - com.flairfuture.skillproof/com.flairfuture.skillproof.MainActivity@9746567@0)/@0x7dc2724
I/SurfaceView@9746567(13634): aOrMT: uB = true t = android.view.SurfaceControl$Transaction@efe4453 fN = 0 android.view.SurfaceView.access$500:124 android.view.SurfaceView$SurfaceViewPositionUpdateListener.positionLost:1785 android.graphics.RenderNode$CompositePositionUpdateListener.positionLost:326 
I/SurfaceView@9746567(13634): aOrMT: vR.mWNT, vR = ViewRootImpl@fa8110a[MainActivity]
I/ViewRootImpl@fa8110a[MainActivity](13634): mWNT: t = android.view.SurfaceControl$Transaction@efe4453 fN = 0 android.view.SurfaceView.applyOrMergeTransaction:1628 android.view.SurfaceView.access$500:124 android.view.SurfaceView$SurfaceViewPositionUpdateListener.positionLost:1785 
I/ViewRootImpl@fa8110a[MainActivity](13634): mWNT: merge t to BBQ
D/OpenGLRenderer(13634): setSurface called with nullptr
D/OpenGLRenderer(13634): setSurface() destroyed EGLSurface
D/OpenGLRenderer(13634): destroyEglSurface
I/BufferQueueProducer(13634): [ViewRootImpl@fa8110a[MainActivity]#0(BLAST Consumer)0](id:354200000000,api:1,p:13634,c:13634) disconnect: api 1
I/BLASTBufferQueue(13634): [ViewRootImpl@fa8110a[MainActivity]#0] destructor()
I/BufferQueueConsumer(13634): [ViewRootImpl@fa8110a[MainActivity]#0(BLAST Consumer)0](id:354200000000,api:0,p:-1,c:13634) disconnect
I/ViewRootImpl@fa8110a[MainActivity](13634): Relayout returned: old=(0,0,1080,2400) new=(0,0,1080,2400) req=(1080,2400)8 dur=17 res=0x5 s={false 0} ch=true fn=2
I/SurfaceView@9746567(13634): windowStopped(true) false io.flutter.embedding.android.FlutterSurfaceView{9746567 V.E...... ........ 0,0-1080,2274} of ViewRootImpl@fa8110a[MainActivity]
D/SurfaceView@9746567(13634): updateSurface: surface is not valid
D/SurfaceView@9746567(13634): updateSurface: surface is not valid
D/FlutterJNI(13634): Sending viewport metrics to the engine.
I/ViewRootImpl@fa8110a[MainActivity](13634): stopped(true) old=false
D/SurfaceView@9746567(13634): updateSurface: surface is not valid
W/Choreographer(13634): Already have a pending vsync event.  There should only be one at a time.
D/SurfaceView@9746567(13634): updateSurface: surface is not valid
D/SurfaceView@9746567(13634): updateSurface: surface is not valid
D/ProfileInstaller(13634): Installing profile for com.flairfuture.skillproof
I/ture.skillproo(13634): Thread[2,tid=13636,WaitingInMainSignalCatcherLoop,Thread*=0xb4000072fa20e000,peer=0x14d00e98,"Signal Catcher"]: reacting to signal 10
I/ture.skillproo(13634): 
I/ture.skillproo(13634): SIGUSR1 forcing GC (no HPROF) and profile save
I/ture.skillproo(13634): Explicit concurrent copying GC freed 686KB AllocSpace bytes, 24(864KB) LOS objects, 39% free, 3165KB/5213KB, paused 104us,68us total 65.796ms
D/[secipm](13634): mSecIpmManager setProfileLength com.flairfuture.skillproof profile:3447
I/ViewRootImpl@fa8110a[MainActivity](13634): handleAppVisibility mAppVisible=false visible=true
I/SurfaceView@9746567(13634): onWindowVisibilityChanged(4) false io.flutter.embedding.android.FlutterSurfaceView{9746567 G.E...... ......I. 0,0-1080,2274} of ViewRootImpl@fa8110a[MainActivity]
D/SurfaceView@9746567(13634): updateSurface: surface is not valid
D/OpenGLRenderer(13634): setSurface called with nullptr
I/ViewRootImpl@fa8110a[MainActivity](13634): Relayout returned: old=(0,0,1080,2400) new=(0,0,1080,2400) req=(1080,2400)4 dur=11 res=0x1 s={false 0} ch=false fn=-1
D/SurfaceView@9746567(13634): updateSurface: surface is not valid
I/ViewRootImpl@fa8110a[MainActivity](13634): stopped(false) old=true
D/SurfaceView@9746567(13634): updateSurface: surface is not valid
I/ViewRootImpl@fa8110a[MainActivity](13634): stopped(false) old=false
I/SurfaceView@9746567(13634): onWindowVisibilityChanged(0) false io.flutter.embedding.android.FlutterSurfaceView{9746567 V.E...... ......ID 0,0-1080,2274} of ViewRootImpl@fa8110a[MainActivity]
D/SurfaceView@9746567(13634): updateSurface: surface is not valid
D/OpenGLRenderer(13634): setSurface called with nullptr
I/BufferQueueConsumer(13634): [](id:354200000002,api:0,p:-1,c:13634) connect: controlledByApp=false
I/BLASTBufferQueue(13634): [ViewRootImpl@fa8110a[MainActivity]#2] constructor()
I/ViewRootImpl@fa8110a[MainActivity](13634): Relayout returned: old=(0,0,1080,2400) new=(0,0,1080,2400) req=(1080,2400)0 dur=19 res=0x7 s={true -5476376655812448256} ch=true fn=-1
D/FlutterJNI(13634): Sending viewport metrics to the engine.
I/BufferQueueProducer(13634): [ViewRootImpl@fa8110a[MainActivity]#2(BLAST Consumer)2](id:354200000002,api:1,p:13634,c:13634) connect: api=1 producerControlledByApp=true
I/SurfaceView@9746567(13634): windowStopped(false) true io.flutter.embedding.android.FlutterSurfaceView{9746567 V.E...... ......ID 0,0-1080,2274} of ViewRootImpl@fa8110a[MainActivity]
D/OpenGLRenderer(13634): eglCreateWindowSurface
I/BufferQueueConsumer(13634): [](id:354200000003,api:0,p:-1,c:13634) connect: controlledByApp=false
I/BLASTBufferQueue(13634): [SurfaceView - com.flairfuture.skillproof/com.flairfuture.skillproof.MainActivity@9746567@1#3] constructor()
I/SurfaceView@9746567(13634): pST: sr = Rect(0, 0 - 1080, 2274) sw = 1080 sh = 2274
I/SurfaceView@9746567(13634): onSSPAndSRT: pl = 0 pt = 0 sx = 1.0 sy = 1.0
I/SurfaceView@9746567(13634): pST: mTmpTransaction.apply, mTmpTransaction = android.view.SurfaceControl$Transaction@893985e
I/SurfaceView@9746567(13634): updateSurface: mVisible = true mSurface.isValid() = true
I/SurfaceView@9746567(13634): updateSurface: mSurfaceCreated = false surfaceChanged = true visibleChanged = true
I/SurfaceView@9746567(13634): surfaceCreated 1 #1 io.flutter.embedding.android.FlutterSurfaceView{9746567 V.E...... ......ID 0,0-1080,2274}
I/BLASTBufferQueue(13634): [SurfaceView - com.flairfuture.skillproof/com.flairfuture.skillproof.MainActivity@9746567@0#1] destructor()
I/BufferQueueConsumer(13634): [SurfaceView - com.flairfuture.skillproof/com.flairfuture.skillproof.MainActivity@9746567@0#1(BLAST Consumer)1](id:354200000001,api:0,p:-1,c:13634) disconnect
I/BufferQueueProducer(13634): [SurfaceView - com.flairfuture.skillproof/com.flairfuture.skillproof.MainActivity@9746567@1#3(BLAST Consumer)3](id:354200000003,api:1,p:13634,c:13634) connect: api=1 producerControlledByApp=true
I/BufferQueueProducer(13634): [SurfaceView - com.flairfuture.skillproof/com.flairfuture.skillproof.MainActivity@9746567@1#3(BLAST Consumer)3](id:354200000003,api:1,p:13634,c:13634) disconnect: api 1
I/BufferQueueProducer(13634): [SurfaceView - com.flairfuture.skillproof/com.flairfuture.skillproof.MainActivity@9746567@1#3(BLAST Consumer)3](id:354200000003,api:1,p:13634,c:13634) connect: api=1 producerControlledByApp=true
I/SurfaceView@9746567(13634): surfaceChanged (1080,2274) 1 #1 io.flutter.embedding.android.FlutterSurfaceView{9746567 V.E...... ......ID 0,0-1080,2274}
I/ViewRootImpl@fa8110a[MainActivity](13634): [DP] dp(1) 1 android.view.SurfaceView.updateSurface:1375 android.view.SurfaceView.setWindowStopped:383 android.view.SurfaceView.surfaceCreated:2051 
I/ViewRootImpl@fa8110a[MainActivity](13634): [DP] dp(2) 1 android.view.ViewRootImpl.reportNextDraw:11420 android.view.ViewRootImpl.performTraversals:4193 android.view.ViewRootImpl.doTraversal:2919 
D/ViewRootImpl@fa8110a[MainActivity](13634): Creating frameDrawingCallback nextDrawUseBlastSync=false reportNextDraw=true hasBlurUpdates=false
D/ViewRootImpl@fa8110a[MainActivity](13634): Creating frameCompleteCallback
D/ViewRootImpl@fa8110a[MainActivity](13634): Received frameDrawingCallback frameNum=1. Creating transactionCompleteCallback=false
I/SurfaceView@9746567(13634): uSP: rtp = Rect(0, 0 - 1080, 2274) rtsw = 1080 rtsh = 2274
I/SurfaceView@9746567(13634): onSSPAndSRT: pl = 0 pt = 0 sx = 1.0 sy = 1.0
I/SurfaceView@9746567(13634): aOrMT: uB = true t = android.view.SurfaceControl$Transaction@5edcb25 fN = 1 android.view.SurfaceView.access$500:124 android.view.SurfaceView$SurfaceViewPositionUpdateListener.positionChanged:1728 android.graphics.RenderNode$CompositePositionUpdateListener.positionChanged:319 
I/SurfaceView@9746567(13634): aOrMT: vR.mWNT, vR = ViewRootImpl@fa8110a[MainActivity]
I/ViewRootImpl@fa8110a[MainActivity](13634): mWNT: t = android.view.SurfaceControl$Transaction@5edcb25 fN = 1 android.view.SurfaceView.applyOrMergeTransaction:1628 android.view.SurfaceView.access$500:124 android.view.SurfaceView$SurfaceViewPositionUpdateListener.positionChanged:1728 
I/ViewRootImpl@fa8110a[MainActivity](13634): mWNT: merge t to BBQ
D/ViewRootImpl@fa8110a[MainActivity](13634): Received frameCompleteCallback  lastAcquiredFrameNum=1 lastAttemptedDrawFrameNum=1
I/ViewRootImpl@fa8110a[MainActivity](13634): [DP] pdf(1) 1 android.view.ViewRootImpl.lambda$addFrameCompleteCallbackIfNeeded$3$ViewRootImpl:4995 android.view.ViewRootImpl$$ExternalSyntheticLambda16.run:6 android.os.Handler.handleCallback:938 
D/ViewRootImpl@fa8110a[MainActivity](13634): pendingDrawFinished. Waiting on draw reported mDrawsNeededToReport=1
I/Choreographer(13634): Skipped 132 frames!  The application may be doing too much work on its main thread.
I/ViewRootImpl@fa8110a[MainActivity](13634): [DP] pdf(0) 1 android.view.SurfaceView.notifyDrawFinished:599 android.view.SurfaceView.performDrawFinished:586 android.view.SurfaceView.$r8$lambda$st27mCkd9jfJkTrN_P3qIGKX6NY:0 
I/ViewRootImpl@fa8110a[MainActivity](13634): [DP] rdf()
D/ViewRootImpl@fa8110a[MainActivity](13634): reportDrawFinished (fn: -1) 
D/InsetsSourceConsumer(13634): ensureControlAlpha: for ITYPE_NAVIGATION_BAR on com.flairfuture.skillproof/com.flairfuture.skillproof.MainActivity
D/InsetsSourceConsumer(13634): ensureControlAlpha: for ITYPE_STATUS_BAR on com.flairfuture.skillproof/com.flairfuture.skillproof.MainActivity
I/ViewRootImpl@fa8110a[MainActivity](13634): MSG_WINDOW_FOCUS_CHANGED 1 1
D/InputMethodManager(13634): startInputInner - Id : 0
I/InputMethodManager(13634): startInputInner - mService.startInputOrWindowGainedFocus
D/InputMethodManager(13634): startInputInner - Id : 0

I/ViewRootImpl@fa8110a[MainActivity](13634): MSG_WINDOW_FOCUS_CHANGED 0 1
D/InputTransport(13634): Input channel destroyed: 'ClientS', fd=158
I/ViewRootImpl@fa8110a[MainActivity](13634): stopped(false) old=false
I/DecorView(13634): notifyKeepScreenOnChanged: keepScreenOn=false
D/InsetsSourceConsumer(13634): ensureControlAlpha: for ITYPE_NAVIGATION_BAR on com.flairfuture.skillproof/com.flairfuture.skillproof.MainActivity
D/InsetsSourceConsumer(13634): ensureControlAlpha: for ITYPE_STATUS_BAR on com.flairfuture.skillproof/com.flairfuture.skillproof.MainActivity
I/ViewRootImpl@fa8110a[MainActivity](13634): Relayout returned: old=(0,0,1080,2400) new=(0,0,1080,2400) req=(1080,2400)0 dur=7 res=0x1 s={true -5476376655812448256} ch=false fn=3
I/ViewRootImpl@fa8110a[MainActivity](13634): updateBoundsLayer: t = android.view.SurfaceControl$Transaction@b4290aa sc = Surface(name=Bounds for - com.flairfuture.skillproof/com.flairfuture.skillproof.MainActivity@1)/@0xe7949b frame = 3
I/ViewRootImpl@fa8110a[MainActivity](13634): mWNT: t = android.view.SurfaceControl$Transaction@b4290aa fN = 3 android.view.ViewRootImpl.prepareSurfaces:2778 android.view.ViewRootImpl.performTraversals:4024 android.view.ViewRootImpl.doTraversal:2919 
I/ViewRootImpl@fa8110a[MainActivity](13634): mWNT: merge t to BBQ
I/ViewRootImpl@fa8110a[MainActivity](13634): MSG_WINDOW_FOCUS_CHANGED 1 1
D/InputMethodManager(13634): startInputInner - Id : 0
I/InputMethodManager(13634): startInputInner - mService.startInputOrWindowGainedFocus
D/InputMethodManager(13634): startInputInner - Id : 0
I/InputMethodManager(13634): startInputInner - mService.startInputOrWindowGainedFocus
I/ViewRootImpl@fa8110a[MainActivity](13634): handleAppVisibility mAppVisible=true visible=false
I/ViewRootImpl@fa8110a[MainActivity](13634): MSG_WINDOW_FOCUS_CHANGED 0 1
I/SurfaceView@9746567(13634): onWindowVisibilityChanged(8) false io.flutter.embedding.android.FlutterSurfaceView{9746567 V.E...... ........ 0,0-1080,2274} of ViewRootImpl@fa8110a[MainActivity]
I/SurfaceView@9746567(13634): pST: mTmpTransaction.apply, mTmpTransaction = android.view.SurfaceControl$Transaction@893985e
I/SurfaceView@9746567(13634): surfaceDestroyed callback.size 1 #2 io.flutter.embedding.android.FlutterSurfaceView{9746567 V.E...... ........ 0,0-1080,2274}
I/BufferQueueProducer(13634): [SurfaceView - com.flairfuture.skillproof/com.flairfuture.skillproof.MainActivity@9746567@1#3(BLAST Consumer)3](id:354200000003,api:1,p:13634,c:13634) disconnect: api 1
I/BufferQueueProducer(13634): [SurfaceView - com.flairfuture.skillproof/com.flairfuture.skillproof.MainActivity@9746567@1#3(BLAST Consumer)3](id:354200000003,api:0,p:-1,c:13634) disconnect: api -1
I/SurfaceView@9746567(13634): updateSurface: mVisible = false mSurface.isValid() = true
I/SurfaceView@9746567(13634): tryReleaseSurfaces: set mRtReleaseSurfaces = true
I/SurfaceView@9746567(13634): 20299814 wPL, frameNr = 0
I/SurfaceView@9746567(13634): remove() from RT android.view.SurfaceView$SurfaceViewPositionUpdateListener@135c026 Surface(name=SurfaceView - com.flairfuture.skillproof/com.flairfuture.skillproof.MainActivity@9746567@1)/@0x7d29467
I/SurfaceView@9746567(13634): remove() io.flutter.embedding.android.FlutterSurfaceView{9746567 V.E...... ........ 0,0-1080,2274} Surface(name=SurfaceView - com.flairfuture.skillproof/com.flairfuture.skillproof.MainActivity@9746567@1)/@0x7d29467
I/SurfaceView@9746567(13634): aOrMT: uB = true t = android.view.SurfaceControl$Transaction@efe4453 fN = 0 android.view.SurfaceView.access$500:124 android.view.SurfaceView$SurfaceViewPositionUpdateListener.positionLost:1785 android.graphics.RenderNode$CompositePositionUpdateListener.positionLost:326 
I/SurfaceView@9746567(13634): aOrMT: vR.mWNT, vR = ViewRootImpl@fa8110a[MainActivity]
I/ViewRootImpl@fa8110a[MainActivity](13634): mWNT: t = android.view.SurfaceControl$Transaction@efe4453 fN = 0 android.view.SurfaceView.applyOrMergeTransaction:1628 android.view.SurfaceView.access$500:124 android.view.SurfaceView$SurfaceViewPositionUpdateListener.positionLost:1785 
I/ViewRootImpl@fa8110a[MainActivity](13634): mWNT: merge t to BBQ
D/OpenGLRenderer(13634): setSurface called with nullptr
D/OpenGLRenderer(13634): setSurface() destroyed EGLSurface
D/OpenGLRenderer(13634): destroyEglSurface
I/BufferQueueProducer(13634): [ViewRootImpl@fa8110a[MainActivity]#2(BLAST Consumer)2](id:354200000002,api:1,p:13634,c:13634) disconnect: api 1
I/BLASTBufferQueue(13634): [ViewRootImpl@fa8110a[MainActivity]#2] destructor()
I/BufferQueueConsumer(13634): [ViewRootImpl@fa8110a[MainActivity]#2(BLAST Consumer)2](id:354200000002,api:0,p:-1,c:13634) disconnect
I/ViewRootImpl@fa8110a[MainActivity](13634): Relayout returned: old=(0,0,1080,2400) new=(0,0,1080,2400) req=(1080,2400)8 dur=9 res=0x5 s={false 0} ch=true fn=4
I/SurfaceView@9746567(13634): windowStopped(true) false io.flutter.embedding.android.FlutterSurfaceView{9746567 V.E...... ........ 0,0-1080,2274} of ViewRootImpl@fa8110a[MainActivity]
D/SurfaceView@9746567(13634): updateSurface: surface is not valid
D/SurfaceView@9746567(13634): updateSurface: surface is not valid
I/ViewRootImpl@fa8110a[MainActivity](13634): stopped(true) old=false
D/SurfaceView@9746567(13634): updateSurface: surface is not valid
D/InputTransport(13634): Input channel destroyed: 'ClientS', fd=149
D/SurfaceView@9746567(13634): updateSurface: surface is not valid
D/SurfaceView@9746567(13634): updateSurface: surface is not valid
I/ViewRootImpl@fa8110a[MainActivity](13634): handleAppVisibility mAppVisible=false visible=true
I/SurfaceView@9746567(13634): onWindowVisibilityChanged(4) false io.flutter.embedding.android.FlutterSurfaceView{9746567 G.E...... ......I. 0,0-1080,2274} of ViewRootImpl@fa8110a[MainActivity]
D/SurfaceView@9746567(13634): updateSurface: surface is not valid
D/OpenGLRenderer(13634): setSurface called with nullptr
I/ViewRootImpl@fa8110a[MainActivity](13634): Relayout returned: old=(0,0,1080,2400) new=(0,0,1080,2400) req=(1080,2400)4 dur=17 res=0x1 s={false 0} ch=false fn=-1
D/SurfaceView@9746567(13634): updateSurface: surface is not valid
I/ViewRootImpl@fa8110a[MainActivity](13634): stopped(false) old=true
D/SurfaceView@9746567(13634): updateSurface: surface is not valid
I/ViewRootImpl@fa8110a[MainActivity](13634): stopped(false) old=false
I/DecorView(13634): notifyKeepScreenOnChanged: keepScreenOn=false
I/SurfaceView@9746567(13634): onWindowVisibilityChanged(0) false io.flutter.embedding.android.FlutterSurfaceView{9746567 V.E...... ......ID 0,0-1080,2274} of ViewRootImpl@fa8110a[MainActivity]
D/SurfaceView@9746567(13634): updateSurface: surface is not valid
D/OpenGLRenderer(13634): setSurface called with nullptr
I/BufferQueueConsumer(13634): [](id:354200000004,api:0,p:-1,c:13634) connect: controlledByApp=false
I/BLASTBufferQueue(13634): [ViewRootImpl@fa8110a[MainActivity]#4] constructor()
I/ViewRootImpl@fa8110a[MainActivity](13634): Relayout returned: old=(0,0,1080,2400) new=(0,0,1080,2400) req=(1080,2400)0 dur=16 res=0x7 s={true -5476376655812448256} ch=true fn=-1
I/BufferQueueProducer(13634): [ViewRootImpl@fa8110a[MainActivity]#4(BLAST Consumer)4](id:354200000004,api:1,p:13634,c:13634) connect: api=1 producerControlledByApp=true
D/OpenGLRenderer(13634): eglCreateWindowSurface
I/SurfaceView@9746567(13634): windowStopped(false) true io.flutter.embedding.android.FlutterSurfaceView{9746567 V.E...... ......ID 0,0-1080,2274} of ViewRootImpl@fa8110a[MainActivity]
I/BufferQueueConsumer(13634): [](id:354200000005,api:0,p:-1,c:13634) connect: controlledByApp=false
I/BLASTBufferQueue(13634): [SurfaceView - com.flairfuture.skillproof/com.flairfuture.skillproof.MainActivity@9746567@2#5] constructor()
I/SurfaceView@9746567(13634): pST: sr = Rect(0, 0 - 1080, 2274) sw = 1080 sh = 2274
I/SurfaceView@9746567(13634): onSSPAndSRT: pl = 0 pt = 0 sx = 1.0 sy = 1.0
I/SurfaceView@9746567(13634): pST: mTmpTransaction.apply, mTmpTransaction = android.view.SurfaceControl$Transaction@893985e
I/SurfaceView@9746567(13634): updateSurface: mVisible = true mSurface.isValid() = true
I/SurfaceView@9746567(13634): updateSurface: mSurfaceCreated = false surfaceChanged = true visibleChanged = true
I/SurfaceView@9746567(13634): surfaceCreated 1 #1 io.flutter.embedding.android.FlutterSurfaceView{9746567 V.E...... ......ID 0,0-1080,2274}
I/BLASTBufferQueue(13634): [SurfaceView - com.flairfuture.skillproof/com.flairfuture.skillproof.MainActivity@9746567@1#3] destructor()
I/BufferQueueConsumer(13634): [SurfaceView - com.flairfuture.skillproof/com.flairfuture.skillproof.MainActivity@9746567@1#3(BLAST Consumer)3](id:354200000003,api:0,p:-1,c:13634) disconnect
I/BufferQueueProducer(13634): [SurfaceView - com.flairfuture.skillproof/com.flairfuture.skillproof.MainActivity@9746567@2#5(BLAST Consumer)5](id:354200000005,api:1,p:13634,c:13634) connect: api=1 producerControlledByApp=true
I/BufferQueueProducer(13634): [SurfaceView - com.flairfuture.skillproof/com.flairfuture.skillproof.MainActivity@9746567@2#5(BLAST Consumer)5](id:354200000005,api:1,p:13634,c:13634) disconnect: api 1
I/BufferQueueProducer(13634): [SurfaceView - com.flairfuture.skillproof/com.flairfuture.skillproof.MainActivity@9746567@2#5(BLAST Consumer)5](id:354200000005,api:1,p:13634,c:13634) connect: api=1 producerControlledByApp=true
I/SurfaceView@9746567(13634): surfaceChanged (1080,2274) 1 #1 io.flutter.embedding.android.FlutterSurfaceView{9746567 V.E...... ......ID 0,0-1080,2274}
I/ViewRootImpl@fa8110a[MainActivity](13634): [DP] dp(1) 1 android.view.SurfaceView.updateSurface:1375 android.view.SurfaceView.setWindowStopped:383 android.view.SurfaceView.surfaceCreated:2051 
I/ViewRootImpl@fa8110a[MainActivity](13634): [DP] dp(2) 1 android.view.ViewRootImpl.reportNextDraw:11420 android.view.ViewRootImpl.performTraversals:4193 android.view.ViewRootImpl.doTraversal:2919 
D/ViewRootImpl@fa8110a[MainActivity](13634): Creating frameDrawingCallback nextDrawUseBlastSync=false reportNextDraw=true hasBlurUpdates=false
D/ViewRootImpl@fa8110a[MainActivity](13634): Creating frameCompleteCallback
I/SurfaceView@9746567(13634): uSP: rtp = Rect(0, 0 - 1080, 2274) rtsw = 1080 rtsh = 2274
I/SurfaceView@9746567(13634): onSSPAndSRT: pl = 0 pt = 0 sx = 1.0 sy = 1.0
I/SurfaceView@9746567(13634): aOrMT: uB = true t = android.view.SurfaceControl$Transaction@be475b9 fN = 1 android.view.SurfaceView.access$500:124 android.view.SurfaceView$SurfaceViewPositionUpdateListener.positionChanged:1728 android.graphics.RenderNode$CompositePositionUpdateListener.positionChanged:319 
I/SurfaceView@9746567(13634): aOrMT: vR.mWNT, vR = ViewRootImpl@fa8110a[MainActivity]
I/ViewRootImpl@fa8110a[MainActivity](13634): mWNT: t = android.view.SurfaceControl$Transaction@be475b9 fN = 1 android.view.SurfaceView.applyOrMergeTransaction:1628 android.view.SurfaceView.access$500:124 android.view.SurfaceView$SurfaceViewPositionUpdateListener.positionChanged:1728 
I/ViewRootImpl@fa8110a[MainActivity](13634): mWNT: merge t to BBQ
D/ViewRootImpl@fa8110a[MainActivity](13634): Received frameDrawingCallback frameNum=1. Creating transactionCompleteCallback=false
D/ViewRootImpl@fa8110a[MainActivity](13634): Received frameCompleteCallback  lastAcquiredFrameNum=1 lastAttemptedDrawFrameNum=1
I/ViewRootImpl@fa8110a[MainActivity](13634): [DP] pdf(1) 1 android.view.ViewRootImpl.lambda$addFrameCompleteCallbackIfNeeded$3$ViewRootImpl:4995 android.view.ViewRootImpl$$ExternalSyntheticLambda16.run:6 android.os.Handler.handleCallback:938 
D/ViewRootImpl@fa8110a[MainActivity](13634): pendingDrawFinished. Waiting on draw reported mDrawsNeededToReport=1
I/ViewRootImpl@fa8110a[MainActivity](13634): [DP] pdf(0) 1 android.view.SurfaceView.notifyDrawFinished:599 android.view.SurfaceView.performDrawFinished:586 android.view.SurfaceView.$r8$lambda$st27mCkd9jfJkTrN_P3qIGKX6NY:0 
I/ViewRootImpl@fa8110a[MainActivity](13634): [DP] rdf()
D/ViewRootImpl@fa8110a[MainActivity](13634): reportDrawFinished (fn: -1) 
D/InsetsSourceConsumer(13634): ensureControlAlpha: for ITYPE_NAVIGATION_BAR on com.flairfuture.skillproof/com.flairfuture.skillproof.MainActivity
D/InsetsSourceConsumer(13634): ensureControlAlpha: for ITYPE_STATUS_BAR on com.flairfuture.skillproof/com.flairfuture.skillproof.MainActivity
I/ViewRootImpl@fa8110a[MainActivity](13634): MSG_WINDOW_FOCUS_CHANGED 1 1
D/InputMethodManager(13634): startInputInner - Id : 0
I/InputMethodManager(13634): startInputInner - mService.startInputOrWindowGainedFocus
D/InputTransport(13634): Input channel destroyed: 'ClientS', fd=149
I/ViewRootImpl@fa8110a[MainActivity](13634): MSG_WINDOW_FOCUS_CHANGED 0 1
D/InputTransport(13634): Input channel destroyed: 'ClientS', fd=158
I/ViewRootImpl@fa8110a[MainActivity](13634): stopped(false) old=false
I/DecorView(13634): notifyKeepScreenOnChanged: keepScreenOn=false
D/InsetsSourceConsumer(13634): ensureControlAlpha: for ITYPE_NAVIGATION_BAR on com.flairfuture.skillproof/com.flairfuture.skillproof.MainActivity
D/InsetsSourceConsumer(13634): ensureControlAlpha: for ITYPE_STATUS_BAR on com.flairfuture.skillproof/com.flairfuture.skillproof.MainActivity
I/ViewRootImpl@fa8110a[MainActivity](13634): Relayout returned: old=(0,0,1080,2400) new=(0,0,1080,2400) req=(1080,2400)0 dur=9 res=0x1 s={true -5476376655812448256} ch=false fn=3
I/ViewRootImpl@fa8110a[MainActivity](13634): updateBoundsLayer: t = android.view.SurfaceControl$Transaction@b4290aa sc = Surface(name=Bounds for - com.flairfuture.skillproof/com.flairfuture.skillproof.MainActivity@2)/@0x8fac0a frame = 3
I/ViewRootImpl@fa8110a[MainActivity](13634): mWNT: t = android.view.SurfaceControl$Transaction@b4290aa fN = 3 android.view.ViewRootImpl.prepareSurfaces:2778 android.view.ViewRootImpl.performTraversals:4024 android.view.ViewRootImpl.doTraversal:2919 
I/ViewRootImpl@fa8110a[MainActivity](13634): mWNT: merge t to BBQ
I/ViewRootImpl@fa8110a[MainActivity](13634): MSG_WINDOW_FOCUS_CHANGED 1 1
D/InputMethodManager(13634): startInputInner - Id : 0
I/InputMethodManager(13634): startInputInner - mService.startInputOrWindowGainedFocus
I/ViewRootImpl@fa8110a[MainActivity](13634): MSG_WINDOW_FOCUS_CHANGED 0 1
D/InputTransport(13634): Input channel destroyed: 'ClientS', fd=167
I/ViewRootImpl@fa8110a[MainActivity](13634): stopped(false) old=false
I/DecorView(13634): notifyKeepScreenOnChanged: keepScreenOn=false
D/InsetsSourceConsumer(13634): ensureControlAlpha: for ITYPE_NAVIGATION_BAR on com.flairfuture.skillproof/com.flairfuture.skillproof.MainActivity
D/InsetsSourceConsumer(13634): ensureControlAlpha: for ITYPE_STATUS_BAR on com.flairfuture.skillproof/com.flairfuture.skillproof.MainActivity
I/ViewRootImpl@fa8110a[MainActivity](13634): Relayout returned: old=(0,0,1080,2400) new=(0,0,1080,2400) req=(1080,2400)0 dur=6 res=0x1 s={true -5476376655812448256} ch=false fn=4
I/ViewRootImpl@fa8110a[MainActivity](13634): updateBoundsLayer: t = android.view.SurfaceControl$Transaction@b4290aa sc = Surface(name=Bounds for - com.flairfuture.skillproof/com.flairfuture.skillproof.MainActivity@2)/@0x8fac0a frame = 4
I/ViewRootImpl@fa8110a[MainActivity](13634): mWNT: t = android.view.SurfaceControl$Transaction@b4290aa fN = 4 android.view.ViewRootImpl.prepareSurfaces:2778 android.view.ViewRootImpl.performTraversals:4024 android.view.ViewRootImpl.doTraversal:2919 
I/ViewRootImpl@fa8110a[MainActivity](13634): mWNT: merge t to BBQ
I/ViewRootImpl@fa8110a[MainActivity](13634): MSG_WINDOW_FOCUS_CHANGED 1 1
D/InputMethodManager(13634): startInputInner - Id : 0
I/InputMethodManager(13634): startInputInner - mService.startInputOrWindowGainedFocus
